Warning: You are sending unauthenticated requests to the HF Hub. Please set a HF_TOKEN to enable higher rate limits and faster downloads.
delta: warm start from /__modal/volumes/vo-kyTIZ69Vu37wcERidvUtX2/hub/models--jaredpalmer--kev-4b/snapshots/139fdd94f1b6a6ad80cc15e08fcb99cac885a101: 496 lora tensors and the pointer head loaded
device=cuda world=1 trainable params=33.8M
fetched v7/decision-v7/train.jsonl from jaredpalmer/kev-suites@a88f56db53
replay: 500 of 12576 suite training records mixed with 1887 from /runs/react-v2-2/data/train.jsonl
2387 training requests (holdout=[]), questions by type {'score': 7742, 'choice': 277, 'noul': 183}
[transformers] `causal_conv1d_fn` is falling back to its reference PyTorch implementation because `causal_conv1d` is not installed. This is correct but much slower; install `causal_conv1d` for the optimized kernel.
ep0 step 10/598 loss 0.621 kl 0.000 anchor 0.000 0.315s/rec
ep0 step 20/598 loss 0.550 kl 0.000 anchor 0.000 0.297s/rec
ep0 step 30/598 loss 0.330 kl 0.000 anchor 0.000 0.290s/rec
ep0 step 40/598 loss 0.428 kl 0.000 anchor 0.000 0.288s/rec
ep0 step 50/598 loss 0.409 kl 0.000 anchor 0.000 0.285s/rec
ep0 step 60/598 loss 0.355 kl 0.000 anchor 0.000 0.285s/rec
ep0 step 70/598 loss 0.345 kl 0.000 anchor 0.000 0.284s/rec
ep0 step 80/598 loss 0.355 kl 0.000 anchor 0.000 0.283s/rec
ep0 step 90/598 loss 0.330 kl 0.000 anchor 0.000 0.281s/rec
ep0 step 100/598 loss 0.246 kl 0.000 anchor 0.000 0.279s/rec
ep0 step 110/598 loss 0.312 kl 0.000 anchor 0.000 0.278s/rec
ep0 step 120/598 loss 0.361 kl 0.000 anchor 0.000 0.276s/rec
ep0 step 130/598 loss 0.323 kl 0.000 anchor 0.000 0.276s/rec
ep0 step 140/598 loss 0.347 kl 0.000 anchor 0.000 0.276s/rec
ep0 step 150/598 loss 0.364 kl 0.000 anchor 0.000 0.276s/rec
ep0 step 160/598 loss 0.296 kl 0.000 anchor 0.000 0.275s/rec
ep0 step 170/598 loss 0.296 kl 0.000 anchor 0.000 0.275s/rec
ep0 step 180/598 loss 0.461 kl 0.000 anchor 0.000 0.274s/rec
ep0 step 190/598 loss 0.360 kl 0.000 anchor 0.000 0.274s/rec
ep0 step 200/598 loss 0.349 kl 0.000 anchor 0.000 0.274s/rec
ep0 step 210/598 loss 0.377 kl 0.000 anchor 0.000 0.273s/rec
ep0 step 220/598 loss 0.360 kl 0.000 anchor 0.000 0.273s/rec
ep0 step 230/598 loss 0.234 kl 0.000 anchor 0.000 0.272s/rec
ep0 step 240/598 loss 0.293 kl 0.000 anchor 0.000 0.272s/rec
ep0 step 250/598 loss 0.373 kl 0.000 anchor 0.000 0.272s/rec
ep0 step 260/598 loss 0.387 kl 0.000 anchor 0.000 0.272s/rec
ep0 step 270/598 loss 0.312 kl 0.000 anchor 0.000 0.272s/rec
ep0 step 280/598 loss 0.297 kl 0.000 anchor 0.000 0.272s/rec
ep0 step 290/598 loss 0.324 kl 0.000 anchor 0.000 0.272s/rec
ep1 step 300/598 loss 0.398 kl 0.000 anchor 0.000 0.272s/rec
ep1 step 310/598 loss 0.278 kl 0.000 anchor 0.000 0.272s/rec
ep1 step 320/598 loss 0.240 kl 0.000 anchor 0.000 0.272s/rec
ep1 step 330/598 loss 0.249 kl 0.000 anchor 0.000 0.272s/rec
ep1 step 340/598 loss 0.296 kl 0.000 anchor 0.000 0.272s/rec
ep1 step 350/598 loss 0.307 kl 0.000 anchor 0.000 0.272s/rec
ep1 step 360/598 loss 0.263 kl 0.000 anchor 0.000 0.272s/rec
ep1 step 370/598 loss 0.292 kl 0.000 anchor 0.000 0.272s/rec
ep1 step 380/598 loss 0.259 kl 0.000 anchor 0.000 0.272s/rec
ep1 step 390/598 loss 0.280 kl 0.000 anchor 0.000 0.272s/rec
ep1 step 400/598 loss 0.212 kl 0.000 anchor 0.000 0.272s/rec
ep1 step 410/598 loss 0.256 kl 0.000 anchor 0.000 0.272s/rec
ep1 step 420/598 loss 0.266 kl 0.000 anchor 0.000 0.272s/rec
ep1 step 430/598 loss 0.389 kl 0.000 anchor 0.000 0.272s/rec
ep1 step 440/598 loss 0.323 kl 0.000 anchor 0.000 0.271s/rec
ep1 step 450/598 loss 0.315 kl 0.000 anchor 0.000 0.272s/rec
ep1 step 460/598 loss 0.232 kl 0.000 anchor 0.000 0.271s/rec
ep1 step 470/598 loss 0.239 kl 0.000 anchor 0.000 0.271s/rec
ep1 step 480/598 loss 0.398 kl 0.000 anchor 0.000 0.271s/rec
ep1 step 490/598 loss 0.282 kl 0.000 anchor 0.000 0.271s/rec
ep1 step 500/598 loss 0.243 kl 0.000 anchor 0.000 0.271s/rec
ep1 step 510/598 loss 0.263 kl 0.000 anchor 0.000 0.271s/rec
ep1 step 520/598 loss 0.250 kl 0.000 anchor 0.000 0.271s/rec
ep1 step 530/598 loss 0.304 kl 0.000 anchor 0.000 0.271s/rec
ep1 step 540/598 loss 0.258 kl 0.000 anchor 0.000 0.271s/rec
ep1 step 550/598 loss 0.286 kl 0.000 anchor 0.000 0.271s/rec
ep1 step 560/598 loss 0.230 kl 0.000 anchor 0.000 0.271s/rec
ep1 step 570/598 loss 0.231 kl 0.000 anchor 0.000 0.271s/rec
ep1 step 580/598 loss 0.297 kl 0.000 anchor 0.000 0.271s/rec
ep1 step 590/598 loss 0.317 kl 0.000 anchor 0.000 0.271s/rec
saved /runs/react-v2-2/checkpoint
