Warning: You are sending unauthenticated requests to the HF Hub. Please set a HF_TOKEN to enable higher rate limits and faster downloads.
delta: warm start from /__modal/volumes/vo-kyTIZ69Vu37wcERidvUtX2/hub/models--jaredpalmer--kev-4b/snapshots/139fdd94f1b6a6ad80cc15e08fcb99cac885a101: 496 lora tensors and the pointer head loaded
device=cuda world=1 trainable params=33.8M
fetched v7/decision-v7/train.jsonl from jaredpalmer/kev-suites@a88f56db53
replay: 1000 of 12576 suite training records mixed with 1108 from /runs/ces-v3a/data/train.jsonl
2108 training requests (holdout=[]), questions by type {'choice': 3747, 'noul': 1830, 'score': 292}
[transformers] `causal_conv1d_fn` is falling back to its reference PyTorch implementation because `causal_conv1d` is not installed. This is correct but much slower; install `causal_conv1d` for the optimized kernel.
ep0 step 10/528 loss 0.845 kl 0.000 anchor 0.000 0.300s/rec
ep0 step 20/528 loss 0.393 kl 0.000 anchor 0.000 0.271s/rec
ep0 step 30/528 loss 0.350 kl 0.000 anchor 0.000 0.241s/rec
ep0 step 40/528 loss 0.521 kl 0.000 anchor 0.000 0.225s/rec
ep0 step 50/528 loss 0.371 kl 0.000 anchor 0.000 0.218s/rec
ep0 step 60/528 loss 0.332 kl 0.000 anchor 0.000 0.215s/rec
ep0 step 70/528 loss 0.268 kl 0.000 anchor 0.000 0.210s/rec
ep0 step 80/528 loss 0.294 kl 0.000 anchor 0.000 0.210s/rec
ep0 step 90/528 loss 0.284 kl 0.000 anchor 0.000 0.205s/rec
ep0 step 100/528 loss 0.268 kl 0.000 anchor 0.000 0.204s/rec
ep0 step 110/528 loss 0.298 kl 0.000 anchor 0.000 0.202s/rec
ep0 step 120/528 loss 0.287 kl 0.000 anchor 0.000 0.202s/rec
ep0 step 130/528 loss 0.328 kl 0.000 anchor 0.000 0.200s/rec
ep0 step 140/528 loss 0.225 kl 0.000 anchor 0.000 0.198s/rec
ep0 step 150/528 loss 0.601 kl 0.000 anchor 0.000 0.198s/rec
ep0 step 160/528 loss 0.552 kl 0.000 anchor 0.000 0.198s/rec
ep0 step 170/528 loss 0.357 kl 0.000 anchor 0.000 0.198s/rec
ep0 step 180/528 loss 0.535 kl 0.000 anchor 0.000 0.197s/rec
ep0 step 190/528 loss 0.280 kl 0.000 anchor 0.000 0.197s/rec
ep0 step 200/528 loss 0.275 kl 0.000 anchor 0.000 0.196s/rec
ep0 step 210/528 loss 0.329 kl 0.000 anchor 0.000 0.196s/rec
ep0 step 220/528 loss 0.307 kl 0.000 anchor 0.000 0.195s/rec
ep0 step 230/528 loss 0.218 kl 0.000 anchor 0.000 0.194s/rec
ep0 step 240/528 loss 0.462 kl 0.000 anchor 0.000 0.193s/rec
ep0 step 250/528 loss 0.258 kl 0.000 anchor 0.000 0.193s/rec
ep0 step 260/528 loss 0.298 kl 0.000 anchor 0.000 0.192s/rec
ep1 step 270/528 loss 0.545 kl 0.000 anchor 0.000 0.192s/rec
ep1 step 280/528 loss 0.185 kl 0.000 anchor 0.000 0.192s/rec
ep1 step 290/528 loss 0.270 kl 0.000 anchor 0.000 0.192s/rec
ep1 step 300/528 loss 0.264 kl 0.000 anchor 0.000 0.191s/rec
ep1 step 310/528 loss 0.220 kl 0.000 anchor 0.000 0.191s/rec
ep1 step 320/528 loss 0.267 kl 0.000 anchor 0.000 0.191s/rec
ep1 step 330/528 loss 0.288 kl 0.000 anchor 0.000 0.191s/rec
ep1 step 340/528 loss 0.282 kl 0.000 anchor 0.000 0.191s/rec
ep1 step 350/528 loss 0.349 kl 0.000 anchor 0.000 0.191s/rec
ep1 step 360/528 loss 0.190 kl 0.000 anchor 0.000 0.190s/rec
ep1 step 370/528 loss 0.224 kl 0.000 anchor 0.000 0.191s/rec
ep1 step 380/528 loss 0.396 kl 0.000 anchor 0.000 0.191s/rec
ep1 step 390/528 loss 0.439 kl 0.000 anchor 0.000 0.191s/rec
ep1 step 400/528 loss 0.301 kl 0.000 anchor 0.000 0.191s/rec
ep1 step 410/528 loss 0.239 kl 0.000 anchor 0.000 0.191s/rec
ep1 step 420/528 loss 0.165 kl 0.000 anchor 0.000 0.190s/rec
ep1 step 430/528 loss 0.282 kl 0.000 anchor 0.000 0.190s/rec
ep1 step 440/528 loss 0.191 kl 0.000 anchor 0.000 0.190s/rec
ep1 step 450/528 loss 0.433 kl 0.000 anchor 0.000 0.190s/rec
ep1 step 460/528 loss 0.302 kl 0.000 anchor 0.000 0.190s/rec
ep1 step 470/528 loss 0.232 kl 0.000 anchor 0.000 0.190s/rec
ep1 step 480/528 loss 0.337 kl 0.000 anchor 0.000 0.190s/rec
ep1 step 490/528 loss 0.279 kl 0.000 anchor 0.000 0.190s/rec
ep1 step 500/528 loss 0.227 kl 0.000 anchor 0.000 0.190s/rec
ep1 step 510/528 loss 0.377 kl 0.000 anchor 0.000 0.190s/rec
ep1 step 520/528 loss 0.242 kl 0.000 anchor 0.000 0.190s/rec
saved /runs/ces-v3a/checkpoint
