Warning: You are sending unauthenticated requests to the HF Hub. Please set a HF_TOKEN to enable higher rate limits and faster downloads.
delta: warm start from /__modal/volumes/vo-kyTIZ69Vu37wcERidvUtX2/hub/models--jaredpalmer--kev-4b/snapshots/139fdd94f1b6a6ad80cc15e08fcb99cac885a101: 496 lora tensors and the pointer head loaded
device=cuda world=1 trainable params=33.8M
fetched v7/decision-v7/train.jsonl from jaredpalmer/kev-suites@a88f56db53
replay: 2000 of 12576 suite training records mixed with 423 from /runs/ces-v1/data/train.jsonl
2423 training requests (holdout=[]), questions by type {'noul': 1239, 'choice': 1819, 'score': 561}
[transformers] `causal_conv1d_fn` is falling back to its reference PyTorch implementation because `causal_conv1d` is not installed. This is correct but much slower; install `causal_conv1d` for the optimized kernel.
ep0 step 10/606 loss 0.190 kl 0.000 anchor 0.000 1.769s/rec
ep0 step 20/606 loss 0.318 kl 0.000 anchor 0.000 1.049s/rec
ep0 step 30/606 loss 0.285 kl 0.000 anchor 0.000 0.734s/rec
ep0 step 40/606 loss 0.309 kl 0.000 anchor 0.000 0.618s/rec
ep0 step 50/606 loss 0.248 kl 0.000 anchor 0.000 0.534s/rec
ep0 step 60/606 loss 0.444 kl 0.000 anchor 0.000 0.479s/rec
ep0 step 70/606 loss 0.296 kl 0.000 anchor 0.000 0.437s/rec
ep0 step 80/606 loss 0.291 kl 0.000 anchor 0.000 0.408s/rec
ep0 step 90/606 loss 0.420 kl 0.000 anchor 0.000 0.382s/rec
ep0 step 100/606 loss 0.352 kl 0.000 anchor 0.000 0.363s/rec
ep0 step 110/606 loss 0.115 kl 0.000 anchor 0.000 0.349s/rec
ep0 step 120/606 loss 0.186 kl 0.000 anchor 0.000 0.334s/rec
ep0 step 130/606 loss 0.472 kl 0.000 anchor 0.000 0.324s/rec
ep0 step 140/606 loss 0.324 kl 0.000 anchor 0.000 0.315s/rec
ep0 step 150/606 loss 0.332 kl 0.000 anchor 0.000 0.307s/rec
ep0 step 160/606 loss 0.329 kl 0.000 anchor 0.000 0.301s/rec
ep0 step 170/606 loss 0.265 kl 0.000 anchor 0.000 0.295s/rec
ep0 step 180/606 loss 0.212 kl 0.000 anchor 0.000 0.288s/rec
ep0 step 190/606 loss 0.245 kl 0.000 anchor 0.000 0.283s/rec
ep0 step 200/606 loss 0.343 kl 0.000 anchor 0.000 0.278s/rec
ep0 step 210/606 loss 0.441 kl 0.000 anchor 0.000 0.276s/rec
ep0 step 220/606 loss 0.180 kl 0.000 anchor 0.000 0.272s/rec
ep0 step 230/606 loss 0.280 kl 0.000 anchor 0.000 0.268s/rec
ep0 step 240/606 loss 0.196 kl 0.000 anchor 0.000 0.264s/rec
ep0 step 250/606 loss 0.219 kl 0.000 anchor 0.000 0.262s/rec
ep0 step 260/606 loss 0.287 kl 0.000 anchor 0.000 0.259s/rec
ep0 step 270/606 loss 0.294 kl 0.000 anchor 0.000 0.256s/rec
ep0 step 280/606 loss 0.217 kl 0.000 anchor 0.000 0.253s/rec
ep0 step 290/606 loss 0.514 kl 0.000 anchor 0.000 0.251s/rec
ep0 step 300/606 loss 0.483 kl 0.000 anchor 0.000 0.250s/rec
ep1 step 310/606 loss 0.101 kl 0.000 anchor 0.000 0.249s/rec
ep1 step 320/606 loss 0.128 kl 0.000 anchor 0.000 0.247s/rec
ep1 step 330/606 loss 0.200 kl 0.000 anchor 0.000 0.246s/rec
ep1 step 340/606 loss 0.116 kl 0.000 anchor 0.000 0.244s/rec
ep1 step 350/606 loss 0.159 kl 0.000 anchor 0.000 0.242s/rec
ep1 step 360/606 loss 0.125 kl 0.000 anchor 0.000 0.241s/rec
ep1 step 370/606 loss 0.364 kl 0.000 anchor 0.000 0.239s/rec
ep1 step 380/606 loss 0.244 kl 0.000 anchor 0.000 0.238s/rec
ep1 step 390/606 loss 0.407 kl 0.000 anchor 0.000 0.237s/rec
ep1 step 400/606 loss 0.119 kl 0.000 anchor 0.000 0.235s/rec
ep1 step 410/606 loss 0.164 kl 0.000 anchor 0.000 0.234s/rec
ep1 step 420/606 loss 0.337 kl 0.000 anchor 0.000 0.234s/rec
ep1 step 430/606 loss 0.231 kl 0.000 anchor 0.000 0.233s/rec
ep1 step 440/606 loss 0.339 kl 0.000 anchor 0.000 0.232s/rec
ep1 step 450/606 loss 0.197 kl 0.000 anchor 0.000 0.231s/rec
ep1 step 460/606 loss 0.137 kl 0.000 anchor 0.000 0.230s/rec
ep1 step 470/606 loss 0.333 kl 0.000 anchor 0.000 0.229s/rec
ep1 step 480/606 loss 0.229 kl 0.000 anchor 0.000 0.229s/rec
ep1 step 490/606 loss 0.158 kl 0.000 anchor 0.000 0.228s/rec
ep1 step 500/606 loss 0.157 kl 0.000 anchor 0.000 0.226s/rec
ep1 step 510/606 loss 0.117 kl 0.000 anchor 0.000 0.225s/rec
ep1 step 520/606 loss 0.281 kl 0.000 anchor 0.000 0.225s/rec
ep1 step 530/606 loss 0.122 kl 0.000 anchor 0.000 0.224s/rec
ep1 step 540/606 loss 0.238 kl 0.000 anchor 0.000 0.224s/rec
ep1 step 550/606 loss 0.235 kl 0.000 anchor 0.000 0.223s/rec
ep1 step 560/606 loss 0.107 kl 0.000 anchor 0.000 0.223s/rec
ep1 step 570/606 loss 0.139 kl 0.000 anchor 0.000 0.222s/rec
ep1 step 580/606 loss 0.277 kl 0.000 anchor 0.000 0.222s/rec
ep1 step 590/606 loss 0.084 kl 0.000 anchor 0.000 0.221s/rec
ep1 step 600/606 loss 0.330 kl 0.000 anchor 0.000 0.220s/rec
saved /runs/ces-v1/checkpoint
